\BOOKMARK [0][-]{Doc-Start}{\376\377\000L\000i\000s\000t\000\040\000o\000f\000\040\000F\000i\000g\000u\000r\000e\000s}{}% 1
\BOOKMARK [0][-]{Doc-Start}{\376\377\000L\000i\000s\000t\000\040\000o\000f\000\040\000T\000a\000b\000l\000e\000s}{}% 2
\BOOKMARK [0][-]{chapter.1}{\376\377\000I\000n\000t\000r\000o\000d\000u\000c\000t\000i\000o\000n}{}% 3
\BOOKMARK [1][-]{section.1.1}{\376\377\000P\000u\000r\000p\000o\000s\000e\000\040\000o\000f\000\040\000t\000h\000i\000s\000\040\000D\000o\000c\000u\000m\000e\000n\000t}{chapter.1}% 4
\BOOKMARK [1][-]{section.1.2}{\376\377\000I\000n\000t\000e\000n\000d\000e\000d\000\040\000A\000u\000d\000i\000e\000n\000c\000e}{chapter.1}% 5
\BOOKMARK [1][-]{section.1.3}{\376\377\000D\000e\000f\000i\000n\000i\000t\000i\000o\000n\000s\000,\000\040\000A\000c\000r\000o\000n\000y\000m\000s\000,\000\040\000a\000n\000d\000\040\000A\000b\000b\000r\000e\000v\000i\000a\000t\000i\000o\000n\000s}{chapter.1}% 6
\BOOKMARK [1][-]{section.1.4}{\376\377\000C\000o\000n\000c\000l\000u\000s\000i\000o\000n}{chapter.1}% 7
\BOOKMARK [0][-]{chapter.2}{\376\377\000P\000r\000o\000j\000e\000c\000t\000\040\000V\000i\000s\000i\000o\000n}{}% 8
\BOOKMARK [1][-]{section.2.1}{\376\377\000P\000r\000o\000b\000l\000e\000m\000\040\000D\000o\000m\000a\000i\000n\000\040\000O\000v\000e\000r\000v\000i\000e\000w}{chapter.2}% 9
\BOOKMARK [1][-]{section.2.2}{\376\377\000P\000r\000o\000b\000l\000e\000m\000\040\000S\000t\000a\000t\000e\000m\000e\000n\000t}{chapter.2}% 10
\BOOKMARK [1][-]{section.2.3}{\376\377\000P\000r\000o\000b\000l\000e\000m\000\040\000E\000l\000a\000b\000o\000r\000a\000t\000i\000o\000n}{chapter.2}% 11
\BOOKMARK [1][-]{section.2.4}{\376\377\000G\000o\000a\000l\000s\000\040\000a\000n\000d\000\040\000O\000b\000j\000e\000c\000t\000i\000v\000e\000s}{chapter.2}% 12
\BOOKMARK [1][-]{section.2.5}{\376\377\000P\000r\000o\000j\000e\000c\000t\000\040\000S\000c\000o\000p\000e}{chapter.2}% 13
\BOOKMARK [1][-]{section.2.6}{\376\377\000S\000u\000s\000t\000a\000i\000n\000a\000b\000l\000e\000\040\000D\000e\000v\000e\000l\000o\000p\000m\000e\000n\000t\000\040\000G\000o\000a\000l\000\040\000\050\000S\000D\000G\000\051}{chapter.2}% 14
\BOOKMARK [1][-]{section.2.7}{\376\377\000C\000o\000n\000s\000t\000r\000a\000i\000n\000t\000s}{chapter.2}% 15
\BOOKMARK [1][-]{section.2.8}{\376\377\000B\000u\000s\000i\000n\000e\000s\000s\000\040\000O\000p\000p\000o\000r\000t\000u\000n\000i\000t\000y}{chapter.2}% 16
\BOOKMARK [1][-]{section.2.9}{\376\377\000S\000t\000a\000k\000e\000h\000o\000l\000d\000e\000r\000s\000\040\000D\000e\000s\000c\000r\000i\000p\000t\000i\000o\000n\000/\000\040\000U\000s\000e\000r\000\040\000C\000h\000a\000r\000a\000c\000t\000e\000r\000i\000s\000t\000i\000c\000s}{chapter.2}% 17
\BOOKMARK [2][-]{subsection.2.9.1}{\376\377\000S\000t\000a\000k\000e\000h\000o\000l\000d\000e\000r\000s\000\040\000S\000u\000m\000m\000a\000r\000y}{section.2.9}% 18
\BOOKMARK [2][-]{subsection.2.9.2}{\376\377\000K\000e\000y\000\040\000H\000i\000g\000h\000-\000L\000e\000v\000e\000l\000\040\000G\000o\000a\000l\000s\000\040\000a\000n\000d\000\040\000P\000r\000o\000b\000l\000e\000m\000s\000\040\000o\000f\000\040\000S\000t\000a\000k\000e\000h\000o\000l\000d\000e\000r\000s}{section.2.9}% 19
\BOOKMARK [0][-]{chapter.3}{\376\377\000L\000i\000t\000e\000r\000a\000t\000u\000r\000e\000\040\000R\000e\000v\000i\000e\000w\000\040\000/\000\040\000R\000e\000l\000a\000t\000e\000d\000\040\000W\000o\000r\000k}{}% 20
\BOOKMARK [1][-]{section.3.1}{\376\377\000D\000e\000f\000i\000n\000i\000t\000i\000o\000n\000s\000,\000\040\000A\000c\000r\000o\000n\000y\000m\000s\000,\000\040\000a\000n\000d\000\040\000A\000b\000b\000r\000e\000v\000i\000a\000t\000i\000o\000n\000s}{chapter.3}% 21
\BOOKMARK [1][-]{section.3.2}{\376\377\000D\000e\000t\000a\000i\000l\000e\000d\000\040\000L\000i\000t\000e\000r\000a\000t\000u\000r\000e\000\040\000R\000e\000v\000i\000e\000w}{chapter.3}% 22
\BOOKMARK [2][-]{subsection.3.2.1}{\376\377\000R\000e\000l\000a\000t\000e\000d\000\040\000R\000e\000s\000e\000a\000r\000c\000h\000\040\000W\000o\000r\000k\000\040\0001\000\040\000/\000\040\000R\000e\000l\000a\000t\000e\000d\000\040\000D\000e\000v\000e\000l\000o\000p\000m\000e\000n\000t\000\040\000P\000r\000o\000j\000e\000c\000t\000\040\000\050\000P\000l\000e\000a\000s\000e\000\040\000m\000a\000k\000e\000\040\000s\000u\000r\000e\000\040\000t\000o\000\040\000a\000d\000d\000\040\000a\000n\000\040\000a\000p\000p\000r\000o\000p\000r\000i\000a\000t\000e\000\040\000h\000e\000a\000d\000i\000n\000g\000\040\000h\000e\000r\000e\000\040\000a\000n\000d\000\040\000n\000o\000t\000\040\000k\000e\000e\000p\000\040\000t\000h\000i\000s\000\040\000s\000a\000m\000e\000\040\000h\000e\000a\000d\000i\000n\000g\000,\000\040\000t\000h\000i\000s\000\040\000i\000s\000\040\000y\000o\000u\000r\000\040\000i\000n\000f\000o\000\040\000o\000n\000l\000y\000.\000\051}{section.3.2}% 23
\BOOKMARK [2][-]{subsection.3.2.2}{\376\377\000E\000x\000a\000m\000p\000l\000e\000\040\000L\000R\000\040\0001\000:\000\040\000f\000o\000r\000\040\000D\000e\000v\000e\000l\000o\000p\000m\000e\000n\000t\000\040\000P\000r\000o\000j\000e\000c\000t}{section.3.2}% 24
\BOOKMARK [2][-]{subsection.3.2.3}{\376\377\000E\000x\000a\000m\000p\000l\000e\000\040\000L\000R\000\040\0002\000:\000\040\000f\000o\000r\000\040\000R\000e\000s\000e\000a\000r\000c\000h\000\040\000a\000n\000d\000\040\000D\000e\000v\000e\000l\000o\000p\000m\000e\000n\000t\000\040\000P\000r\000o\000j\000e\000c\000t}{section.3.2}% 25
\BOOKMARK [1][-]{section.3.3}{\376\377\000L\000i\000t\000e\000r\000a\000t\000u\000r\000e\000\040\000R\000e\000v\000i\000e\000w\000\040\000S\000u\000m\000m\000a\000r\000y\000\040\000T\000a\000b\000l\000e}{chapter.3}% 26
\BOOKMARK [1][-]{section.3.4}{\376\377\000C\000o\000n\000c\000l\000u\000s\000i\000o\000n}{chapter.3}% 27
\BOOKMARK [0][-]{chapter.4}{\376\377\000S\000o\000f\000t\000w\000a\000r\000e\000\040\000R\000e\000q\000u\000i\000r\000e\000m\000e\000n\000t\000\040\000S\000p\000e\000c\000i\000f\000i\000c\000a\000t\000i\000o\000n\000s}{}% 28
\BOOKMARK [1][-]{section.4.1}{\376\377\000L\000i\000s\000t\000\040\000o\000f\000\040\000F\000e\000a\000t\000u\000r\000e\000s}{chapter.4}% 29
\BOOKMARK [1][-]{section.4.2}{\376\377\000F\000u\000n\000c\000t\000i\000o\000n\000a\000l\000\040\000R\000e\000q\000u\000i\000r\000e\000m\000e\000n\000t\000s}{chapter.4}% 30
\BOOKMARK [1][-]{section.4.3}{\376\377\000Q\000u\000a\000l\000i\000t\000y\000\040\000A\000t\000t\000r\000i\000b\000u\000t\000e\000s}{chapter.4}% 31
\BOOKMARK [1][-]{section.4.4}{\376\377\000N\000o\000n\000-\000F\000u\000n\000c\000t\000i\000o\000n\000a\000l\000\040\000R\000e\000q\000u\000i\000r\000e\000m\000e\000n\000t\000s}{chapter.4}% 32
\BOOKMARK [1][-]{section.4.5}{\376\377\000A\000s\000s\000u\000m\000p\000t\000i\000o\000n\000s}{chapter.4}% 33
\BOOKMARK [1][-]{section.4.6}{\376\377\000U\000s\000e\000\040\000C\000a\000s\000e\000s}{chapter.4}% 34
\BOOKMARK [1][-]{section.4.7}{\376\377\000H\000a\000r\000d\000w\000a\000r\000e\000\040\000a\000n\000d\000\040\000S\000o\000f\000t\000w\000a\000r\000e\000\040\000R\000e\000q\000u\000i\000r\000e\000m\000e\000n\000t\000s}{chapter.4}% 35
\BOOKMARK [2][-]{subsection.4.7.1}{\376\377\000H\000a\000r\000d\000w\000a\000r\000e\000\040\000R\000e\000q\000u\000i\000r\000e\000m\000e\000n\000t\000s}{section.4.7}% 36
\BOOKMARK [2][-]{subsection.4.7.2}{\376\377\000S\000o\000f\000t\000w\000a\000r\000e\000\040\000R\000e\000q\000u\000i\000r\000e\000m\000e\000n\000t\000s}{section.4.7}% 37
\BOOKMARK [1][-]{section.4.8}{\376\377\000G\000r\000a\000p\000h\000i\000c\000a\000l\000\040\000U\000s\000e\000r\000\040\000I\000n\000t\000e\000r\000f\000a\000c\000e}{chapter.4}% 38
\BOOKMARK [1][-]{section.4.9}{\376\377\000D\000a\000t\000a\000b\000a\000s\000e\000\040\000D\000e\000s\000i\000g\000n\000\040\000\050\000i\000f\000\040\000r\000e\000q\000u\000i\000r\000e\000d\000;\000\040\000t\000h\000i\000s\000\040\000m\000e\000a\000n\000s\000\040\000i\000f\000\040\000y\000o\000u\000\040\000a\000r\000e\000\040\000u\000s\000i\000n\000g\000\040\000n\000o\000S\000Q\000L\000,\000\040\000y\000o\000u\000\040\000w\000i\000l\000l\000\040\000n\000o\000t\000\040\000p\000r\000o\000v\000i\000d\000e\000\040\000E\000R\000\040\000b\000u\000t\000\040\000t\000h\000e\000\040\000o\000t\000h\000e\000r\000\040\000d\000e\000s\000i\000g\000n\000\040\000e\000l\000e\000m\000e\000n\000t\000\040\000a\000n\000d\000\040\000d\000a\000t\000a\000\040\000d\000i\000c\000t\000o\000n\000a\000r\000y\000\040\000s\000h\000o\000u\000l\000d\000\040\000s\000t\000i\000l\000l\000\040\000b\000e\000\040\000t\000h\000e\000r\000e\000.\000\040\000E\000x\000p\000l\000a\000i\000n\000\040\000a\000n\000d\000\040\000e\000l\000a\000b\000o\000r\000a\000t\000e\000\040\000y\000o\000u\000r\000\040\000D\000B\000\040\000d\000e\000s\000i\000g\000n\000\051}{chapter.4}% 39
\BOOKMARK [2][-]{subsection.4.9.1}{\376\377\000E\000R\000\040\000D\000i\000a\000g\000r\000a\000m}{section.4.9}% 40
\BOOKMARK [2][-]{subsection.4.9.2}{\376\377\000D\000a\000t\000a\000\040\000D\000i\000c\000t\000i\000o\000n\000a\000r\000y}{section.4.9}% 41
\BOOKMARK [1][-]{section.4.10}{\376\377\000\040\000R\000i\000s\000k\000\040\000A\000n\000a\000l\000y\000s\000i\000s}{chapter.4}% 42
\BOOKMARK [0][-]{chapter.5}{\376\377\000P\000r\000o\000p\000o\000s\000e\000d\000\040\000A\000p\000p\000r\000o\000a\000c\000h\000\040\000a\000n\000d\000\040\000M\000e\000t\000h\000o\000d\000o\000l\000o\000g\000y}{}% 43
\BOOKMARK [1][-]{section.5.1}{\376\377\000M\000e\000t\000h\000o\000d\000o\000l\000o\000g\000i\000c\000a\000l\000\040\000F\000o\000u\000n\000d\000a\000t\000i\000o\000n\000s}{chapter.5}% 44
\BOOKMARK [2][-]{subsection.5.1.1}{\376\377\000M\000a\000s\000k\000e\000d\000\040\000L\000a\000t\000e\000n\000t\000\040\000P\000r\000e\000d\000i\000c\000t\000i\000o\000n\000\040\000a\000n\000d\000\040\000M\0002\000D}{section.5.1}% 45
\BOOKMARK [2][-]{subsection.5.1.2}{\376\377\000S\000p\000e\000c\000i\000a\000l\000i\000z\000i\000n\000g\000\040\000a\000\040\000G\000e\000n\000e\000r\000a\000l\000\040\000M\000o\000d\000e\000l\000:\000\040\000M\0002\000D\000-\000X}{section.5.1}% 46
\BOOKMARK [2][-]{subsection.5.1.3}{\376\377\000M\000u\000s\000i\000c\000-\000S\000p\000e\000c\000i\000f\000i\000c\000\040\000S\000e\000l\000f\000-\000S\000u\000p\000e\000r\000v\000i\000s\000e\000d\000\040\000M\000o\000d\000e\000l\000s}{section.5.1}% 47
\BOOKMARK [2][-]{subsection.5.1.4}{\376\377\000F\000u\000r\000t\000h\000e\000r\000\040\000P\000r\000e\000-\000t\000r\000a\000i\000n\000i\000n\000g\000,\000\040\000F\000o\000r\000g\000e\000t\000t\000i\000n\000g\000\040\000a\000n\000d\000\040\000R\000e\000g\000u\000l\000a\000r\000i\000z\000a\000t\000i\000o\000n}{section.5.1}% 48
\BOOKMARK [2][-]{subsection.5.1.5}{\376\377\000D\000e\000s\000i\000g\000n\000\040\000D\000e\000c\000i\000s\000i\000o\000n\000s\000\040\000D\000e\000r\000i\000v\000e\000d\000\040\000f\000r\000o\000m\000\040\000t\000h\000e\000\040\000L\000i\000t\000e\000r\000a\000t\000u\000r\000e}{section.5.1}% 49
\BOOKMARK [1][-]{section.5.2}{\376\377\000R\000e\000s\000e\000a\000r\000c\000h\000\040\000Q\000u\000e\000s\000t\000i\000o\000n\000s\000\040\000a\000n\000d\000\040\000H\000y\000p\000o\000t\000h\000e\000s\000e\000s}{chapter.5}% 50
\BOOKMARK [1][-]{section.5.3}{\376\377\000D\000a\000t\000a\000s\000e\000t\000\040\000A\000c\000q\000u\000i\000s\000i\000t\000i\000o\000n}{chapter.5}% 51
\BOOKMARK [2][-]{subsection.5.3.1}{\376\377\000C\000h\000o\000i\000c\000e\000\040\000o\000f\000\040\000C\000o\000r\000p\000u\000s}{section.5.3}% 52
\BOOKMARK [2][-]{subsection.5.3.2}{\376\377\000A\000r\000c\000h\000i\000v\000e\000s\000\040\000a\000n\000d\000\040\000M\000e\000t\000a\000d\000a\000t\000a}{section.5.3}% 53
\BOOKMARK [2][-]{subsection.5.3.3}{\376\377\000E\000l\000i\000g\000i\000b\000i\000l\000i\000t\000y\000\040\000R\000u\000l\000e\000s\000\040\000a\000n\000d\000\040\000S\000u\000b\000s\000e\000t\000\040\000S\000e\000l\000e\000c\000t\000i\000o\000n}{section.5.3}% 54
\BOOKMARK [2][-]{subsection.5.3.4}{\376\377\000B\000a\000c\000k\000g\000r\000o\000u\000n\000d\000-\000N\000o\000i\000s\000e\000\040\000C\000o\000r\000p\000u\000s}{section.5.3}% 55
\BOOKMARK [2][-]{subsection.5.3.5}{\376\377\000L\000i\000c\000e\000n\000s\000i\000n\000g\000\040\000a\000n\000d\000\040\000E\000t\000h\000i\000c\000s}{section.5.3}% 56
\BOOKMARK [1][-]{section.5.4}{\376\377\000D\000a\000t\000a\000\040\000P\000r\000e\000p\000r\000o\000c\000e\000s\000s\000i\000n\000g\000\040\000P\000i\000p\000e\000l\000i\000n\000e}{chapter.5}% 57
\BOOKMARK [2][-]{subsection.5.4.1}{\376\377\000A\000u\000d\000i\000t\000\040\000a\000n\000d\000\040\000D\000e\000c\000o\000d\000i\000n\000g}{section.5.4}% 58
\BOOKMARK [2][-]{subsection.5.4.2}{\376\377\000F\000r\000o\000n\000t\000-\000E\000n\000d}{section.5.4}% 59
\BOOKMARK [2][-]{subsection.5.4.3}{\376\377\000C\000r\000o\000p\000p\000i\000n\000g\000\040\000a\000n\000d\000\040\000N\000o\000r\000m\000a\000l\000i\000z\000a\000t\000i\000o\000n}{section.5.4}% 60
\BOOKMARK [2][-]{subsection.5.4.4}{\376\377\000M\000u\000s\000i\000c\000a\000l\000-\000T\000e\000a\000c\000h\000e\000r\000\040\000T\000a\000r\000g\000e\000t\000s}{section.5.4}% 61
\BOOKMARK [2][-]{subsection.5.4.5}{\376\377\000S\000t\000o\000r\000a\000g\000e\000,\000\040\000M\000a\000n\000i\000f\000e\000s\000t\000\040\000a\000n\000d\000\040\000I\000n\000t\000e\000g\000r\000i\000t\000y\000\040\000C\000h\000e\000c\000k\000s}{section.5.4}% 62
\BOOKMARK [1][-]{section.5.5}{\376\377\000F\000u\000r\000t\000h\000e\000r\000\040\000P\000r\000e\000-\000t\000r\000a\000i\000n\000i\000n\000g\000\040\000F\000r\000a\000m\000e\000w\000o\000r\000k}{chapter.5}% 63
\BOOKMARK [2][-]{subsection.5.5.1}{\376\377\000O\000v\000e\000r\000v\000i\000e\000w\000,\000\040\000I\000n\000i\000t\000i\000a\000l\000i\000z\000a\000t\000i\000o\000n\000\040\000a\000n\000d\000\040\000A\000l\000t\000e\000r\000n\000a\000t\000i\000v\000e\000s\000\040\000C\000o\000n\000s\000i\000d\000e\000r\000e\000d}{section.5.5}% 64
\BOOKMARK [2][-]{subsection.5.5.2}{\376\377\000M\000a\000s\000k\000e\000d\000\040\000L\000a\000t\000e\000n\000t\000\040\000P\000r\000e\000d\000i\000c\000t\000i\000o\000n\000\040\000o\000n\000\040\000N\000o\000i\000s\000y\000\040\000M\000u\000s\000i\000c}{section.5.5}% 65
\BOOKMARK [2][-]{subsection.5.5.3}{\376\377\000B\000a\000c\000k\000g\000r\000o\000u\000n\000d\000\040\000N\000o\000i\000s\000e\000\040\000a\000n\000d\000\040\000D\000e\000n\000o\000i\000s\000i\000n\000g}{section.5.5}% 66
\BOOKMARK [2][-]{subsection.5.5.4}{\376\377\000F\000r\000o\000z\000e\000n\000-\000T\000e\000a\000c\000h\000e\000r\000\040\000R\000e\000g\000u\000l\000a\000r\000i\000z\000a\000t\000i\000o\000n}{section.5.5}% 67
\BOOKMARK [2][-]{subsection.5.5.5}{\376\377\000M\000u\000s\000i\000c\000a\000l\000\040\000T\000e\000a\000c\000h\000e\000r}{section.5.5}% 68
\BOOKMARK [2][-]{subsection.5.5.6}{\376\377\000J\000o\000i\000n\000t\000\040\000O\000b\000j\000e\000c\000t\000i\000v\000e\000\040\000a\000n\000d\000\040\000O\000p\000t\000i\000m\000i\000z\000a\000t\000i\000o\000n}{section.5.5}% 69
\BOOKMARK [2][-]{subsection.5.5.7}{\376\377\000C\000o\000m\000p\000u\000t\000e\000\040\000a\000n\000d\000\040\000M\000e\000m\000o\000r\000y\000\040\000B\000u\000d\000g\000e\000t}{section.5.5}% 70
\BOOKMARK [1][-]{section.5.6}{\376\377\000E\000x\000p\000e\000r\000i\000m\000e\000n\000t\000a\000l\000\040\000D\000e\000s\000i\000g\000n}{chapter.5}% 71
\BOOKMARK [2][-]{subsection.5.6.1}{\376\377\000R\000e\000f\000e\000r\000e\000n\000c\000e\000\040\000M\000o\000d\000e\000l\000s}{section.5.6}% 72
\BOOKMARK [2][-]{subsection.5.6.2}{\376\377\000P\000r\000e\000-\000t\000r\000a\000i\000n\000i\000n\000g\000\040\000A\000r\000m\000s}{section.5.6}% 73
\BOOKMARK [2][-]{subsection.5.6.3}{\376\377\000C\000o\000n\000t\000r\000o\000l\000s\000\040\000a\000n\000d\000\040\000R\000e\000p\000r\000o\000d\000u\000c\000i\000b\000i\000l\000i\000t\000y}{section.5.6}% 74
\BOOKMARK [1][-]{section.5.7}{\376\377\000E\000v\000a\000l\000u\000a\000t\000i\000o\000n\000\040\000P\000r\000o\000t\000o\000c\000o\000l}{chapter.5}% 75
\BOOKMARK [2][-]{subsection.5.7.1}{\376\377\000D\000o\000w\000n\000s\000t\000r\000e\000a\000m\000\040\000T\000a\000s\000k\000s}{section.5.7}% 76
\BOOKMARK [2][-]{subsection.5.7.2}{\376\377\000F\000r\000o\000z\000e\000n\000-\000F\000e\000a\000t\000u\000r\000e\000\040\000L\000i\000n\000e\000a\000r\000\040\000E\000v\000a\000l\000u\000a\000t\000i\000o\000n}{section.5.7}% 77
\BOOKMARK [2][-]{subsection.5.7.3}{\376\377\000M\000e\000t\000r\000i\000c\000s\000,\000\040\000A\000g\000g\000r\000e\000g\000a\000t\000e\000s\000\040\000a\000n\000d\000\040\000S\000t\000a\000t\000i\000s\000t\000i\000c\000s}{section.5.7}% 78
\BOOKMARK [2][-]{subsection.5.7.4}{\376\377\000T\000h\000r\000e\000a\000t\000s\000\040\000t\000o\000\040\000V\000a\000l\000i\000d\000i\000t\000y}{section.5.7}% 79
\BOOKMARK [1][-]{section.5.8}{\376\377\000C\000o\000n\000c\000l\000u\000s\000i\000o\000n}{chapter.5}% 80
\BOOKMARK [0][-]{chapter.6}{\376\377\000H\000i\000g\000h\000-\000L\000e\000v\000e\000l\000\040\000a\000n\000d\000\040\000L\000o\000w\000-\000L\000e\000v\000e\000l\000\040\000D\000e\000s\000i\000g\000n}{}% 81
\BOOKMARK [1][-]{section.6.1}{\376\377\000S\000y\000s\000t\000e\000m\000\040\000O\000v\000e\000r\000v\000i\000e\000w}{chapter.6}% 82
\BOOKMARK [1][-]{section.6.2}{\376\377\000D\000e\000s\000i\000g\000n\000\040\000C\000o\000n\000s\000i\000d\000e\000r\000a\000t\000i\000o\000n\000s}{chapter.6}% 83
\BOOKMARK [2][-]{subsection.6.2.1}{\376\377\000A\000s\000s\000u\000m\000p\000t\000i\000o\000n\000s\000\040\000a\000n\000d\000\040\000D\000e\000p\000e\000n\000d\000e\000n\000c\000i\000e\000s}{section.6.2}% 84
\BOOKMARK [2][-]{subsection.6.2.2}{\376\377\000G\000e\000n\000e\000r\000a\000l\000\040\000C\000o\000n\000s\000t\000r\000a\000i\000n\000t\000s}{section.6.2}% 85
\BOOKMARK [2][-]{subsection.6.2.3}{\376\377\000G\000o\000a\000l\000s\000\040\000a\000n\000d\000\040\000G\000u\000i\000d\000e\000l\000i\000n\000e\000s}{section.6.2}% 86
\BOOKMARK [2][-]{subsection.6.2.4}{\376\377\000\040\000D\000e\000v\000e\000l\000o\000p\000m\000e\000n\000t\000\040\000M\000e\000t\000h\000o\000d\000s}{section.6.2}% 87
\BOOKMARK [1][-]{section.6.3}{\376\377\000S\000y\000s\000t\000e\000m\000\040\000A\000r\000c\000h\000i\000t\000e\000c\000t\000u\000r\000e}{chapter.6}% 88
\BOOKMARK [2][-]{subsection.6.3.1}{\376\377\000S\000u\000b\000s\000y\000s\000t\000e\000m\000\040\000A\000r\000c\000h\000i\000t\000e\000c\000t\000u\000r\000e}{section.6.3}% 89
\BOOKMARK [1][-]{section.6.4}{\376\377\000A\000r\000c\000h\000i\000t\000e\000c\000t\000u\000r\000a\000l\000\040\000S\000t\000r\000a\000t\000e\000g\000i\000e\000s}{chapter.6}% 90
\BOOKMARK [2][-]{subsection.6.4.1}{\376\377\000A\000r\000c\000h\000i\000t\000e\000c\000t\000u\000r\000a\000l\000\040\000S\000t\000r\000a\000t\000e\000g\000i\000e\000s\000\040\000S\000t\000r\000a\000t\000e\000g\000y\000-\0001\000\040\000n\000a\000m\000e\000\040\000o\000r\000\040\000d\000e\000s\000c\000r\000i\000p\000t\000i\000o\000n}{section.6.4}% 91
\BOOKMARK [2][-]{subsection.6.4.2}{\376\377\000A\000r\000c\000h\000i\000t\000e\000c\000t\000u\000r\000a\000l\000\040\000S\000t\000r\000a\000t\000e\000g\000i\000e\000s\000\040\000S\000t\000r\000a\000t\000e\000g\000y\000-\0002\000\040\000n\000a\000m\000e\000\040\000o\000r\000\040\000d\000e\000s\000c\000r\000i\000p\000t\000i\000o\000n}{section.6.4}% 92
\BOOKMARK [1][-]{section.6.5}{\376\377\000D\000o\000m\000a\000i\000n\000\040\000M\000o\000d\000e\000l\000/\000C\000l\000a\000s\000s\000\040\000D\000i\000a\000g\000r\000a\000m}{chapter.6}% 93
\BOOKMARK [1][-]{section.6.6}{\376\377\000P\000o\000l\000i\000c\000i\000e\000s\000\040\000a\000n\000d\000\040\000T\000a\000c\000t\000i\000c\000s}{chapter.6}% 94
\BOOKMARK [2][-]{subsection.6.6.1}{\376\377\000P\000o\000l\000i\000c\000y\000/\000t\000a\000c\000t\000i\000c\000-\0001\000\040\000n\000a\000m\000e\000\040\000o\000r\000\040\000d\000e\000s\000c\000r\000i\000p\000t\000i\000o\000n}{section.6.6}% 95
\BOOKMARK [2][-]{subsection.6.6.2}{\376\377\000P\000o\000l\000i\000c\000y\000/\000t\000a\000c\000t\000i\000c\000-\0002\000\040\000n\000a\000m\000e\000\040\000o\000r\000\040\000d\000e\000s\000c\000r\000i\000p\000t\000i\000o\000n}{section.6.6}% 96
\BOOKMARK [0][-]{chapter.7}{\376\377\000I\000m\000p\000l\000e\000m\000e\000n\000t\000a\000t\000i\000o\000n\000\040\000a\000n\000d\000\040\000T\000e\000s\000t\000\040\000C\000a\000s\000e\000s}{}% 97
\BOOKMARK [1][-]{section.7.1}{\376\377\000I\000m\000p\000l\000e\000m\000e\000n\000t\000a\000t\000i\000o\000n}{chapter.7}% 98
\BOOKMARK [2][-]{subsection.7.1.1}{\376\377\000I\000m\000p\000l\000e\000m\000e\000n\000t\000a\000t\000i\000o\000n\000\040\000o\000f\000\040\000F\000i\000r\000s\000t\000\040\000C\000o\000m\000p\000o\000n\000e\000n\000t\000/\000A\000l\000g\000o\000r\000i\000t\000h\000m}{section.7.1}% 99
\BOOKMARK [1][-]{section.7.2}{\376\377\000T\000e\000s\000t\000\040\000c\000a\000s\000e\000\040\000D\000e\000s\000i\000g\000n\000\040\000a\000n\000d\000\040\000d\000e\000s\000c\000r\000i\000p\000t\000i\000o\000n}{chapter.7}% 100
\BOOKMARK [1][-]{section.7.3}{\376\377\000T\000e\000s\000t\000\040\000M\000e\000t\000r\000i\000c\000s}{chapter.7}% 101
\BOOKMARK [2][-]{subsection.7.3.1}{\376\377\000S\000a\000m\000p\000l\000e\000\040\000T\000e\000s\000t\000\040\000c\000a\000s\000e\000\040\000M\000e\000t\000r\000i\000c\000.\000N\000o\000.\0002}{section.7.3}% 102
\BOOKMARK [0][-]{chapter.8}{\376\377\000U\000s\000e\000r\000\040\000M\000a\000n\000u\000a\000l}{}% 103
\BOOKMARK [0][-]{chapter.9}{\376\377\000E\000x\000p\000e\000r\000i\000m\000e\000n\000t\000a\000l\000\040\000R\000e\000s\000u\000l\000t\000s\000\040\000a\000n\000d\000\040\000D\000i\000s\000c\000u\000s\000s\000i\000o\000n}{}% 104
\BOOKMARK [0][-]{chapter.10}{\376\377\000C\000o\000n\000c\000l\000u\000s\000i\000o\000n\000s}{}% 105
\BOOKMARK [1][-]{section.10.1}{\376\377\000a\000a}{chapter.10}% 106
\BOOKMARK [2][-]{subsection.10.1.1}{\376\377\000d\000f\000s}{section.10.1}% 107
\BOOKMARK [0][-]{appendix.A}{\376\377\000F\000i\000r\000s\000t\000\040\000A\000p\000p\000e\000n\000d\000i\000x\000\040\000i\000f\000\040\000R\000e\000q\000u\000i\000r\000e\000d}{}% 108
\BOOKMARK [1][-]{appendix.A.1}{\376\377\000R\000e\000f\000e\000r\000e\000n\000c\000e\000s}{appendix.A}% 109
\BOOKMARK [1][-]{appendix.A.2}{\376\377\000E\000q\000u\000a\000t\000i\000o\000n\000s}{appendix.A}% 110
\BOOKMARK [1][-]{appendix.A.3}{\376\377\000F\000i\000g\000u\000r\000e\000s}{appendix.A}% 111
\BOOKMARK [1][-]{appendix.A.4}{\376\377\000T\000a\000b\000l\000e\000s}{appendix.A}% 112
\BOOKMARK [1][-]{appendix.A.5}{\376\377\000P\000s\000e\000u\000d\000o\000\040\000C\000o\000d\000e}{appendix.A}% 113
\BOOKMARK [1][-]{appendix.A.6}{\376\377\000C\000o\000d\000e\000\040\000o\000f\000\040\000P\000r\000o\000g\000r\000a\000m\000m\000i\000n\000g\000\040\000L\000a\000n\000g\000u\000a\000g\000e\000s}{appendix.A}% 114
\BOOKMARK [1][-]{appendix.A.7}{\376\377\000R\000e\000c\000o\000m\000m\000e\000n\000d\000a\000t\000i\000o\000n\000s\000\040\000f\000o\000r\000\040\000L\000a\000T\000e\000X}{appendix.A}% 115
